Archive member included to satisfy reference by file (symbol)

x:/mrs_2/mounriver_studio2/resources/app/resources/win32/components/wch/toolchain/risc-v embedded gcc/bin/../lib/gcc/riscv-none-embed/8.2.0/rv32imacxw/ilp32\libgcc.a(muldf3.o)
                              ./AHT/AHT20.o (__muldf3)
x:/mrs_2/mounriver_studio2/resources/app/resources/win32/components/wch/toolchain/risc-v embedded gcc/bin/../lib/gcc/riscv-none-embed/8.2.0/rv32imacxw/ilp32\libgcc.a(subdf3.o)
                              ./AHT/AHT20.o (__subdf3)
x:/mrs_2/mounriver_studio2/resources/app/resources/win32/components/wch/toolchain/risc-v embedded gcc/bin/../lib/gcc/riscv-none-embed/8.2.0/rv32imacxw/ilp32\libgcc.a(floatunsidf.o)
                              ./AHT/AHT20.o (__floatunsidf)
x:/mrs_2/mounriver_studio2/resources/app/resources/win32/components/wch/toolchain/risc-v embedded gcc/bin/../lib/gcc/riscv-none-embed/8.2.0/rv32imacxw/ilp32\libgcc.a(gesf2.o)
                              ./AHT/AHT20.o (__gesf2)
x:/mrs_2/mounriver_studio2/resources/app/resources/win32/components/wch/toolchain/risc-v embedded gcc/bin/../lib/gcc/riscv-none-embed/8.2.0/rv32imacxw/ilp32\libgcc.a(lesf2.o)
                              ./AHT/AHT20.o (__lesf2)
x:/mrs_2/mounriver_studio2/resources/app/resources/win32/components/wch/toolchain/risc-v embedded gcc/bin/../lib/gcc/riscv-none-embed/8.2.0/rv32imacxw/ilp32\libgcc.a(truncdfsf2.o)
                              ./AHT/AHT20.o (__truncdfsf2)
x:/mrs_2/mounriver_studio2/resources/app/resources/win32/components/wch/toolchain/risc-v embedded gcc/bin/../lib/gcc/riscv-none-embed/8.2.0/rv32imacxw/ilp32\libgcc.a(save-restore.o)
                              ./Peripheral/src/ch32v30x_flash.o (__riscv_save_7)
x:/mrs_2/mounriver_studio2/resources/app/resources/win32/components/wch/toolchain/risc-v embedded gcc/bin/../lib/gcc/riscv-none-embed/8.2.0/rv32imacxw/ilp32\libgcc.a(_clzsi2.o)
                              x:/mrs_2/mounriver_studio2/resources/app/resources/win32/components/wch/toolchain/risc-v embedded gcc/bin/../lib/gcc/riscv-none-embed/8.2.0/rv32imacxw/ilp32\libgcc.a(muldf3.o) (__clzsi2)
x:/mrs_2/mounriver_studio2/resources/app/resources/win32/components/wch/toolchain/risc-v embedded gcc/bin/../lib/gcc/riscv-none-embed/8.2.0/rv32imacxw/ilp32\libgcc.a(_clz.o)
                              x:/mrs_2/mounriver_studio2/resources/app/resources/win32/components/wch/toolchain/risc-v embedded gcc/bin/../lib/gcc/riscv-none-embed/8.2.0/rv32imacxw/ilp32\libgcc.a(_clzsi2.o) (__clz_tab)
x:/mrs_2/mounriver_studio2/resources/app/resources/win32/components/wch/toolchain/risc-v embedded gcc/bin/../lib/gcc/riscv-none-embed/8.2.0/../../../../riscv-none-embed/lib/rv32imacxw/ilp32\libg_nano.a(lib_a-malloc.o)
                              ./cor/comm_protocol.o (malloc)
x:/mrs_2/mounriver_studio2/resources/app/resources/win32/components/wch/toolchain/risc-v embedded gcc/bin/../lib/gcc/riscv-none-embed/8.2.0/../../../../riscv-none-embed/lib/rv32imacxw/ilp32\libg_nano.a(lib_a-memcpy.o)
                              ./cor/comm_protocol.o (memcpy)
x:/mrs_2/mounriver_studio2/resources/app/resources/win32/components/wch/toolchain/risc-v embedded gcc/bin/../lib/gcc/riscv-none-embed/8.2.0/../../../../riscv-none-embed/lib/rv32imacxw/ilp32\libg_nano.a(lib_a-memset.o)
                              ./cor/comm_protocol.o (memset)
x:/mrs_2/mounriver_studio2/resources/app/resources/win32/components/wch/toolchain/risc-v embedded gcc/bin/../lib/gcc/riscv-none-embed/8.2.0/../../../../riscv-none-embed/lib/rv32imacxw/ilp32\libg_nano.a(lib_a-nano-freer.o)
                              x:/mrs_2/mounriver_studio2/resources/app/resources/win32/components/wch/toolchain/risc-v embedded gcc/bin/../lib/gcc/riscv-none-embed/8.2.0/../../../../riscv-none-embed/lib/rv32imacxw/ilp32\libg_nano.a(lib_a-malloc.o) (_free_r)
x:/mrs_2/mounriver_studio2/resources/app/resources/win32/components/wch/toolchain/risc-v embedded gcc/bin/../lib/gcc/riscv-none-embed/8.2.0/../../../../riscv-none-embed/lib/rv32imacxw/ilp32\libg_nano.a(lib_a-nano-mallocr.o)
                              x:/mrs_2/mounriver_studio2/resources/app/resources/win32/components/wch/toolchain/risc-v embedded gcc/bin/../lib/gcc/riscv-none-embed/8.2.0/../../../../riscv-none-embed/lib/rv32imacxw/ilp32\libg_nano.a(lib_a-malloc.o) (_malloc_r)
x:/mrs_2/mounriver_studio2/resources/app/resources/win32/components/wch/toolchain/risc-v embedded gcc/bin/../lib/gcc/riscv-none-embed/8.2.0/../../../../riscv-none-embed/lib/rv32imacxw/ilp32\libg_nano.a(lib_a-sbrkr.o)
                              x:/mrs_2/mounriver_studio2/resources/app/resources/win32/components/wch/toolchain/risc-v embedded gcc/bin/../lib/gcc/riscv-none-embed/8.2.0/../../../../riscv-none-embed/lib/rv32imacxw/ilp32\libg_nano.a(lib_a-nano-mallocr.o) (_sbrk_r)
[...]
Memory Configuration

Name             Origin             Length             Attributes
FLASH            0x0000000000000000 0x0000000000048000 xr
RAM              0x0000000020000000 0x0000000000008000 xrw
*default*        0x0000000000000000 0xffffffffffffffff

Linker script and memory map

LOAD ./cor/Motor.o
LOAD ./cor/comm_protocol.o
LOAD ./cor/led.o
LOAD ./cor/timer.o
LOAD ./cor/usart.o
LOAD ./User/ch32v30x_it.o
LOAD ./User/main.o
LOAD ./User/system_ch32v30x.o
LOAD ./Startup/startup_ch32v30x_D8C.o
LOAD ./Peripheral/src/ch32v30x_adc.o
LOAD ./Peripheral/src/ch32v30x_bkp.o
LOAD ./Peripheral/src/ch32v30x_can.o
LOAD ./Peripheral/src/ch32v30x_crc.o
LOAD ./Peripheral/src/ch32v30x_dac.o
LOAD ./Peripheral/src/ch32v30x_dbgmcu.o
LOAD ./Peripheral/src/ch32v30x_dma.o
LOAD ./Peripheral/src/ch32v30x_dvp.o
LOAD ./Peripheral/src/ch32v30x_eth.o
LOAD ./Peripheral/src/ch32v30x_exti.o
LOAD ./Peripheral/src/ch32v30x_flash.o
LOAD ./Peripheral/src/ch32v30x_fsmc.o
LOAD ./Peripheral/src/ch32v30x_gpio.o
LOAD ./Peripheral/src/ch32v30x_i2c.o
LOAD ./Peripheral/src/ch32v30x_iwdg.o
LOAD ./Peripheral/src/ch32v30x_misc.o
LOAD ./Peripheral/src/ch32v30x_opa.o
LOAD ./Peripheral/src/ch32v30x_pwr.o
LOAD ./Peripheral/src/ch32v30x_rcc.o
LOAD ./Peripheral/src/ch32v30x_rng.o
LOAD ./Peripheral/src/ch32v30x_rtc.o
LOAD ./Peripheral/src/ch32v30x_sdio.o
LOAD ./Peripheral/src/ch32v30x_spi.o
LOAD ./Peripheral/src/ch32v30x_tim.o
LOAD ./Peripheral/src/ch32v30x_usart.o
LOAD ./Peripheral/src/ch32v30x_wwdg.o
LOAD ./PS2/PStwo.o
LOAD ./Debug/debug.o
LOAD ./Core/core_riscv.o
LOAD ./AHT/AHT20.o
LOAD ./AHT/AHTD.o
LOAD ./AHT/MYI2C.o
LOAD x:/mrs_2/mounriver_studio2/resources/app/resources/win32/components/wch/toolchain/risc-v embedded gcc/bin/../lib/gcc/riscv-none-embed/8.2.0/../../../../riscv-none-embed/lib/rv32imacxw/ilp32\libm.a
LOAD x:/mrs_2/mounriver_studio2/resources/app/resources/win32/components/wch/toolchain/risc-v embedded gcc/bin/../lib/gcc/riscv-none-embed/8.2.0/rv32imacxw/ilp32\libgcc.a
LOAD x:/mrs_2/mounriver_studio2/resources/app/resources/win32/components/wch/toolchain/risc-v embedded gcc/bin/../lib/gcc/riscv-none-embed/8.2.0/../../../../riscv-none-embed/lib/rv32imacxw/ilp32\libg_nano.a
LOAD x:/mrs_2/mounriver_studio2/resources/app/resources/win32/components/wch/toolchain/risc-v embedded gcc/bin/../lib/gcc/riscv-none-embed/8.2.0/../../../../riscv-none-embed/lib/rv32imacxw/ilp32\libc_nano.a
LOAD x:/mrs_2/mounriver_studio2/resources/app/resources/win32/components/wch/toolchain/risc-v embedded gcc/bin/../lib/gcc/riscv-none-embed/8.2.0/rv32imacxw/ilp32\libgcc.a
START GROUP
LOAD x:/mrs_2/mounriver_studio2/resources/app/resources/win32/components/wch/toolchain/risc-v embedded gcc/bin/../lib/gcc/riscv-none-embed/8.2.0/rv32imacxw/ilp32\libgcc.a
LOAD x:/mrs_2/mounriver_studio2/resources/app/resources/win32/components/wch/toolchain/risc-v embedded gcc/bin/../lib/gcc/riscv-none-embed/8.2.0/../../../../riscv-none-embed/lib/rv32imacxw/ilp32\libc_nano.a
LOAD x:/mrs_2/mounriver_studio2/resources/app/resources/win32/components/wch/toolchain/risc-v embedded gcc/bin/../lib/gcc/riscv-none-embed/8.2.0/../../../../riscv-none-embed/lib/rv32imacxw/ilp32\libnosys.a
END GROUP
START GROUP
LOAD x:/mrs_2/mounriver_studio2/resources/app/resources/win32/components/wch/toolchain/risc-v embedded gcc/bin/../lib/gcc/riscv-none-embed/8.2.0/rv32imacxw/ilp32\libgcc.a
LOAD x:/mrs_2/mounriver_studio2/resources/app/resources/win32/components/wch/toolchain/risc-v embedded gcc/bin/../lib/gcc/riscv-none-embed/8.2.0/../../../../riscv-none-embed/lib/rv32imacxw/ilp32\libc_nano.a
LOAD x:/mrs_2/mounriver_studio2/resources/app/resources/win32/components/wch/toolchain/risc-v embedded gcc/bin/../lib/gcc/riscv-none-embed/8.2.0/../../../../riscv-none-embed/lib/rv32imacxw/ilp32\libnosys.a
END GROUP
                0x0000000000000800                __stack_size = 0x800
                [!provide]                        PROVIDE (_stack_size = __stack_size)

.init           0x0000000000000000        0x4
                0x0000000000000000                _sinit = .
                0x0000000000000000                . = ALIGN (0x4)
 *(SORT_NONE(.init))
 .init          0x0000000000000000        0x4 ./Startup/startup_ch32v30x_D8C.o
                0x0000000000000000                _start
                0x0000000000000004                . = ALIGN (0x4)
                0x0000000000000004                _einit = .

.vector         0x0000000000000004      0x1bc
 *(.vector)
 .vector        0x0000000000000004      0x1a0 ./Startup/startup_ch32v30x_D8C.o
                0x00000000000001c0                . = ALIGN (0x40)
 *fill*         0x00000000000001a4       0x1c 

.text           0x00000000000001c0     0x2190
                0x00000000000001c0                . = ALIGN (0x4)
 *(.text)
 .text          0x00000000000001c0       0x60 x:/mrs_2/mounriver_studio2/resources/app/resources/win32/components/wch/toolchain/risc-v embedded gcc/bin/../lib/gcc/riscv-none-embed/8.2.0/rv32imacxw/ilp32\libgcc.a(save-restore.o)
                0x00000000000001c0                __riscv_save_12
                0x00000000000001c8                __riscv_save_9
                0x00000000000001c8                __riscv_save_11
                0x00000000000001c8                __riscv_save_10
                0x00000000000001c8                __riscv_save_8
                0x00000000000001d6                __riscv_save_4
                0x00000000000001d6                __riscv_save_6
                0x00000000000001d6                __riscv_save_5
                0x00000000000001d6                __riscv_save_7
                0x00000000000001f0                __riscv_save_3
                0x00000000000001f0                __riscv_save_2
                0x00000000000001f0                __riscv_save_1
                0x00000000000001f0                __riscv_save_0
                0x00000000000001fc                __riscv_restore_12
                0x0000000000000200                __riscv_restore_11
                0x0000000000000200                __riscv_restore_9
                0x0000000000000200                __riscv_restore_10
                0x0000000000000200                __riscv_restore_8
                0x000000000000020a                __riscv_restore_5
                0x000000000000020a                __riscv_restore_7
                0x000000000000020a                __riscv_restore_6
                0x000000000000020a                __riscv_restore_4
                0x0000000000000214                __riscv_restore_3
                0x0000000000000214                __riscv_restore_0
                0x0000000000000214                __riscv_restore_2
                0x0000000000000214                __riscv_restore_1
 .text          0x0000000000000220       0xa8 x:/mrs_2/mounriver_studio2/resources/app/resources/win32/components/wch/toolchain/risc-v embedded gcc/bin/../lib/gcc/riscv-none-embed/8.2.0/../../../../riscv-none-embed/lib/rv32imacxw/ilp32\libg_nano.a(lib_a-memset.o)
                0x0000000000000220                memset
 *(.text.*)
 .text.mo_init  0x00000000000002c8       0x38 ./cor/Motor.o
                0x00000000000002c8                mo_init
 .text.Motor_Control
                0x0000000000000300       0x20 ./cor/Motor.o
                0x0000000000000300                Motor_Control
 .text.ForwardToDevice
                0x0000000000000320       0x4e ./cor/comm_protocol.o
                0x0000000000000320                ForwardToDevice
 .text.HandleCleanCommand
                0x000000000000036e       0x18 ./cor/comm_protocol.o
                0x000000000000036e                HandleCleanCommand
 .text.ExecuteLocalCommand
                0x0000000000000386       0x2c ./cor/comm_protocol.o
                0x0000000000000386                ExecuteLocalCommand
 .text.ProcessCompleteFrame
                0x00000000000003b2       0x5a ./cor/comm_protocol.o
                0x00000000000003b2                ProcessCompleteFrame
 .text.ParseCommunicationFrame
                0x000000000000040c      0x12c ./cor/comm_protocol.o
                0x000000000000040c                ParseCommunicationFrame
 .text.LED_Init
                0x0000000000000538       0x3e ./cor/led.o
                0x0000000000000538                LED_Init
 .text.Timer1_Init
                0x0000000000000576       0x7a ./cor/timer.o
                0x0000000000000576                Timer1_Init
 .text.USART1_Init
                0x00000000000005f0       0xa0 ./cor/usart.o
                0x00000000000005f0                USART1_Init
 .text.UART4_Init
                0x0000000000000690       0xa2 ./cor/usart.o
                0x0000000000000690                UART4_Init
 .text.USART1_SendByte
                0x0000000000000732       0x24 ./cor/usart.o
                0x0000000000000732                USART1_SendByte
 .text.USART_SendString_Len
                0x0000000000000756       0x1a ./cor/usart.o
                0x0000000000000756                USART_SendString_Len
 .text.USART1_Printf
                0x0000000000000770       0x5e ./cor/usart.o
                0x0000000000000770                USART1_Printf
 .text.NMI_Handler
                0x00000000000007ce        0x2 ./User/ch32v30x_it.o
                0x00000000000007ce                NMI_Handler
 .text.HardFault_Handler
                0x00000000000007d0       0x10 ./User/ch32v30x_it.o
                0x00000000000007d0                HardFault_Handler
 .text.USART1_IRQHandler
                0x00000000000007e0       0xcc ./User/main.o
                0x00000000000007e0                USART1_IRQHandler
 .text.UART4_IRQHandler
                0x00000000000008ac       0x26 ./User/main.o
                0x00000000000008ac                UART4_IRQHandler
 .text.receive_handler
                0x00000000000008d2       0x26 ./User/main.o
                0x00000000000008d2                receive_handler
 .text.transmit_handler
                0x00000000000008f8      0x222 ./User/main.o
                0x00000000000008f8                transmit_handler
 .text.startup.main
                0x0000000000000b1a       0x7c ./User/main.o
                0x0000000000000b1a                main
 .text.TIM1_UP_IRQHandler
                0x0000000000000b96       0x56 ./User/main.o
                0x0000000000000b96                TIM1_UP_IRQHandler
 .text.SystemInit
                0x0000000000000bec       0xfa ./User/system_ch32v30x.o
                0x0000000000000bec                SystemInit
 .text.SystemCoreClockUpdate
                0x0000000000000ce6      0x12a ./User/system_ch32v30x.o
                0x0000000000000ce6                SystemCoreClockUpdate
 .text.vector_handler
                0x0000000000000e10        0x2 ./Startup/startup_ch32v30x_D8C.o
                0x0000000000000e10                EXTI2_IRQHandler
                0x0000000000000e10                TIM8_TRG_COM_IRQHandler
                0x0000000000000e10                TIM8_CC_IRQHandler
                0x0000000000000e10                UART8_IRQHandler
                0x0000000000000e10                TIM1_CC_IRQHandler
                0x0000000000000e10                TIM6_IRQHandler
                0x0000000000000e10                SysTick_Handler
                0x0000000000000e10                PVD_IRQHandler
                0x0000000000000e10                SDIO_IRQHandler
                0x0000000000000e10                TIM9_BRK_IRQHandler
                0x0000000000000e10                DMA2_Channel8_IRQHandler
                0x0000000000000e10                CAN2_RX1_IRQHandler
                0x0000000000000e10                EXTI3_IRQHandler
                0x0000000000000e10                USBHS_IRQHandler
                0x0000000000000e10                DMA2_Channel9_IRQHandler
                0x0000000000000e10                TIM10_CC_IRQHandler
                0x0000000000000e10                USBFS_IRQHandler
                0x0000000000000e10                EXTI0_IRQHandler
                0x0000000000000e10                I2C2_EV_IRQHandler
                0x0000000000000e10                TIM10_TRG_COM_IRQHandler
                0x0000000000000e10                CAN2_SCE_IRQHandler
                0x0000000000000e10                ADC1_2_IRQHandler
                0x0000000000000e10                Break_Point_Handler
                0x0000000000000e10                SPI1_IRQHandler
                0x0000000000000e10                TAMPER_IRQHandler
                0x0000000000000e10                CAN2_RX0_IRQHandler
                0x0000000000000e10                TIM8_UP_IRQHandler
                0x0000000000000e10                Ecall_M_Mode_Handler
                0x0000000000000e10                DMA2_Channel2_IRQHandler
                0x0000000000000e10                DMA1_Channel4_IRQHandler
                0x0000000000000e10                TIM9_UP_IRQHandler
                0x0000000000000e10                USART3_IRQHandler
                0x0000000000000e10                RTC_IRQHandler
                0x0000000000000e10                DMA1_Channel7_IRQHandler
                0x0000000000000e10                CAN1_RX1_IRQHandler
                0x0000000000000e10                DVP_IRQHandler
                0x0000000000000e10                UART5_IRQHandler
                0x0000000000000e10                TIM4_IRQHandler
                0x0000000000000e10                DMA2_Channel1_IRQHandler
                0x0000000000000e10                I2C1_EV_IRQHandler
                0x0000000000000e10                DMA1_Channel6_IRQHandler
                0x0000000000000e10                DMA2_Channel4_IRQHandler
                0x0000000000000e10                TIM3_IRQHandler
                0x0000000000000e10                RCC_IRQHandler
                0x0000000000000e10                TIM1_TRG_COM_IRQHandler
                0x0000000000000e10                DMA1_Channel1_IRQHandler
                0x0000000000000e10                DMA2_Channel7_IRQHandler
                0x0000000000000e10                EXTI15_10_IRQHandler
                0x0000000000000e10                TIM7_IRQHandler
                0x0000000000000e10                CAN2_TX_IRQHandler
                0x0000000000000e10                TIM5_IRQHandler
                0x0000000000000e10                EXTI9_5_IRQHandler
                0x0000000000000e10                ETH_WKUP_IRQHandler
                0x0000000000000e10                SPI2_IRQHandler
                0x0000000000000e10                TIM10_BRK_IRQHandler
                0x0000000000000e10                TIM9_CC_IRQHandler
                0x0000000000000e10                DMA2_Channel5_IRQHandler
                0x0000000000000e10                DMA1_Channel5_IRQHandler
                0x0000000000000e10                EXTI4_IRQHandler
                0x0000000000000e10                USB_LP_CAN1_RX0_IRQHandler
                0x0000000000000e10                RNG_IRQHandler
                0x0000000000000e10                USB_HP_CAN1_TX_IRQHandler
                0x0000000000000e10                DMA1_Channel3_IRQHandler
                0x0000000000000e10                ETH_IRQHandler
                0x0000000000000e10                WWDG_IRQHandler
                0x0000000000000e10                USBHSWakeup_IRQHandler
                0x0000000000000e10                DMA2_Channel11_IRQHandler
                0x0000000000000e10                Ecall_U_Mode_Handler
                0x0000000000000e10                DMA2_Channel6_IRQHandler
                0x0000000000000e10                TIM2_IRQHandler
                0x0000000000000e10                SW_Handler
                0x0000000000000e10                TIM1_BRK_IRQHandler
                0x0000000000000e10                DMA2_Channel10_IRQHandler
                0x0000000000000e10                EXTI1_IRQHandler
                0x0000000000000e10                RTCAlarm_IRQHandler
                0x0000000000000e10                TIM10_UP_IRQHandler
                0x0000000000000e10                TIM9_TRG_COM_IRQHandler
                0x0000000000000e10                UART7_IRQHandler
                0x0000000000000e10                USART2_IRQHandler
                0x0000000000000e10                UART6_IRQHandler
                0x0000000000000e10                I2C2_ER_IRQHandler
                0x0000000000000e10                DMA1_Channel2_IRQHandler
                0x0000000000000e10                TIM8_BRK_IRQHandler
                0x0000000000000e10                CAN1_SCE_IRQHandler
                0x0000000000000e10                FLASH_IRQHandler
                0x0000000000000e10                SPI3_IRQHandler
                0x0000000000000e10                I2C1_ER_IRQHandler
                0x0000000000000e10                USBWakeUp_IRQHandler
                0x0000000000000e10                DMA2_Channel3_IRQHandler
 .text.handle_reset
                0x0000000000000e12       0x8a ./Startup/startup_ch32v30x_D8C.o
                0x0000000000000e12                handle_reset
 .text.DBGMCU_GetCHIPID
                0x0000000000000e9c        0xa ./Peripheral/src/ch32v30x_dbgmcu.o
                0x0000000000000e9c                DBGMCU_GetCHIPID
 .text.GPIO_Init
                0x0000000000000ea6       0xc0 ./Peripheral/src/ch32v30x_gpio.o
                0x0000000000000ea6                GPIO_Init
 .text.GPIO_ReadInputDataBit
                0x0000000000000f66        0xa ./Peripheral/src/ch32v30x_gpio.o
                0x0000000000000f66                GPIO_ReadInputDataBit
 .text.GPIO_SetBits
                0x0000000000000f70        0x4 ./Peripheral/src/ch32v30x_gpio.o
                0x0000000000000f70                GPIO_SetBits
 .text.GPIO_ResetBits
                0x0000000000000f74        0x4 ./Peripheral/src/ch32v30x_gpio.o
                0x0000000000000f74                GPIO_ResetBits
 .text.NVIC_Init
                0x0000000000000f78       0x4e ./Peripheral/src/ch32v30x_misc.o
                0x0000000000000f78                NVIC_Init
 .text.RCC_GetClocksFreq
                0x0000000000000fc6      0x176 ./Peripheral/src/ch32v30x_rcc.o
                0x0000000000000fc6                RCC_GetClocksFreq
 .text.RCC_APB2PeriphClockCmd
                0x000000000000113c       0x1e ./Peripheral/src/ch32v30x_rcc.o
                0x000000000000113c                RCC_APB2PeriphClockCmd
 .text.RCC_APB1PeriphClockCmd
                0x000000000000115a       0x1e ./Peripheral/src/ch32v30x_rcc.o
                0x000000000000115a                RCC_APB1PeriphClockCmd
 .text.TIM_TimeBaseInit
                0x0000000000001178       0xaa ./Peripheral/src/ch32v30x_tim.o
                0x0000000000001178                TIM_TimeBaseInit
 .text.TIM_Cmd  0x0000000000001222       0x18 ./Peripheral/src/ch32v30x_tim.o
                0x0000000000001222                TIM_Cmd
 .text.TIM_ITConfig
                0x000000000000123a       0x12 ./Peripheral/src/ch32v30x_tim.o
                0x000000000000123a                TIM_ITConfig
 .text.TIM_GetITStatus
                0x000000000000124c       0x18 ./Peripheral/src/ch32v30x_tim.o
                0x000000000000124c                TIM_GetITStatus
 .text.TIM_ClearITPendingBit
                0x0000000000001264        0xc ./Peripheral/src/ch32v30x_tim.o
                0x0000000000001264                TIM_ClearITPendingBit
 .text.USART_Init
                0x0000000000001270       0x8e ./Peripheral/src/ch32v30x_usart.o
                0x0000000000001270                USART_Init
 .text.USART_Cmd
                0x00000000000012fe       0x16 ./Peripheral/src/ch32v30x_usart.o
                0x00000000000012fe                USART_Cmd
 .text.USART_ITConfig
                0x0000000000001314       0x36 ./Peripheral/src/ch32v30x_usart.o
                0x0000000000001314                USART_ITConfig
 .text.USART_SendData
                0x000000000000134a        0x8 ./Peripheral/src/ch32v30x_usart.o
                0x000000000000134a                USART_SendData
 .text.USART_ReceiveData
                0x0000000000001352        0x8 ./Peripheral/src/ch32v30x_usart.o
                0x0000000000001352                USART_ReceiveData
 .text.USART_GetFlagStatus
                0x000000000000135a        0xa ./Peripheral/src/ch32v30x_usart.o
                0x000000000000135a                USART_GetFlagStatus
 .text.USART_GetITStatus
                0x0000000000001364       0x3c ./Peripheral/src/ch32v30x_usart.o
                0x0000000000001364                USART_GetITStatus
 .text.USART_ClearITPendingBit
                0x00000000000013a0       0x14 ./Peripheral/src/ch32v30x_usart.o
                0x00000000000013a0                USART_ClearITPendingBit
 .text.PS2_Init
                0x00000000000013b4       0x3e ./PS2/PStwo.o
                0x00000000000013b4                PS2_Init
 .text.PS2_Cmd  0x00000000000013f2       0x7e ./PS2/PStwo.o
                0x00000000000013f2                PS2_Cmd
 .text.PS2_ReadData
                0x0000000000001470       0xb6 ./PS2/PStwo.o
                0x0000000000001470                PS2_ReadData
 .text.PS2_ClearData
                0x0000000000001526       0x18 ./PS2/PStwo.o
                0x0000000000001526                PS2_ClearData
 .text.PS2_DataKey
                0x000000000000153e       0x42 ./PS2/PStwo.o
                0x000000000000153e                PS2_DataKey
 .text.PS2_Read
                0x0000000000001580       0x3e ./PS2/PStwo.o
                0x0000000000001580                PS2_Read
 .text.PS2_ShortPoll
                0x00000000000015be       0x3e ./PS2/PStwo.o
                0x00000000000015be                PS2_ShortPoll
 .text.PS2_EnterConfing
                0x00000000000015fc       0x4e ./PS2/PStwo.o
                0x00000000000015fc                PS2_EnterConfing
 .text.PS2_TurnOnAnalogMode
                0x000000000000164a       0x4a ./PS2/PStwo.o
                0x000000000000164a                PS2_TurnOnAnalogMode
 .text.PS2_VibrationMode
                0x0000000000001694       0x3e ./PS2/PStwo.o
                0x0000000000001694                PS2_VibrationMode
 .text.PS2_ExitConfing
                0x00000000000016d2       0x58 ./PS2/PStwo.o
                0x00000000000016d2                PS2_ExitConfing
 .text.PS2_SetInit
                0x000000000000172a       0x16 ./PS2/PStwo.o
                0x000000000000172a                PS2_SetInit
 .text.Delay_Init
                0x0000000000001740       0x26 ./Debug/debug.o
                0x0000000000001740                Delay_Init
 .text.Delay_Us
                0x0000000000001766       0x36 ./Debug/debug.o
                0x0000000000001766                Delay_Us
 .text.Delay_Ms
                0x000000000000179c       0x36 ./Debug/debug.o
                0x000000000000179c                Delay_Ms
 .text._sbrk    0x00000000000017d2       0x26 ./Debug/debug.o
                0x00000000000017d2                _sbrk
 .text.malloc   0x00000000000017f8        0xa x:/mrs_2/mounriver_studio2/resources/app/resources/win32/components/wch/toolchain/risc-v embedded gcc/bin/../lib/gcc/riscv-none-embed/8.2.0/../../../../riscv-none-embed/lib/rv32imacxw/ilp32\libg_nano.a(lib_a-malloc.o)
                0x00000000000017f8                malloc
 .text.free     0x0000000000001802        0xa x:/mrs_2/mounriver_studio2/resources/app/resources/win32/components/wch/toolchain/risc-v embedded gcc/bin/../lib/gcc/riscv-none-embed/8.2.0/../../../../riscv-none-embed/lib/rv32imacxw/ilp32\libg_nano.a(lib_a-malloc.o)
                0x0000000000001802                free
 .text.memcpy   0x000000000000180c       0xb2 x:/mrs_2/mounriver_studio2/resources/app/resources/win32/components/wch/toolchain/risc-v embedded gcc/bin/../lib/gcc/riscv-none-embed/8.2.0/../../../../riscv-none-embed/lib/rv32imacxw/ilp32\libg_nano.a(lib_a-memcpy.o)
                0x000000000000180c                memcpy
 .text._free_r  0x00000000000018be       0xa4 x:/mrs_2/mounriver_studio2/resources/app/resources/win32/components/wch/toolchain/risc-v embedded gcc/bin/../lib/gcc/riscv-none-embed/8.2.0/../../../../riscv-none-embed/lib/rv32imacxw/ilp32\libg_nano.a(lib_a-nano-freer.o)
                0x00000000000018be                _free_r
 .text._malloc_r
                0x0000000000001962       0xce x:/mrs_2/mounriver_studio2/resources/app/resources/win32/components/wch/toolchain/risc-v embedded gcc/bin/../lib/gcc/riscv-none-embed/8.2.0/../../../../riscv-none-embed/lib/rv32imacxw/ilp32\libg_nano.a(lib_a-nano-mallocr.o)
                0x0000000000001962                _malloc_r
 .text._sbrk_r  0x0000000000001a30       0x2a x:/mrs_2/mounriver_studio2/resources/app/resources/win32/components/wch/toolchain/risc-v embedded gcc/bin/../lib/gcc/riscv-none-embed/8.2.0/../../../../riscv-none-embed/lib/rv32imacxw/ilp32\libg_nano.a(lib_a-sbrkr.o)
                0x0000000000001a30                _sbrk_r
 .text._vsnprintf_r
                0x0000000000001a5a       0x5a x:/mrs_2/mounriver_studio2/resources/app/resources/win32/components/wch/toolchain/risc-v embedded gcc/bin/../lib/gcc/riscv-none-embed/8.2.0/../../../../riscv-none-embed/lib/rv32imacxw/ilp32\libg_nano.a(lib_a-vsnprintf.o)
                0x0000000000001a5a                _vsniprintf_r
                0x0000000000001a5a                _vsnprintf_r
 .text.vsnprintf
                0x0000000000001ab4       0x10 x:/mrs_2/mounriver_studio2/resources/app/resources/win32/components/wch/toolchain/risc-v embedded gcc/bin/../lib/gcc/riscv-none-embed/8.2.0/../../../../riscv-none-embed/lib/rv32imacxw/ilp32\libg_nano.a(lib_a-vsnprintf.o)
                0x0000000000001ab4                vsniprintf
                0x0000000000001ab4                vsnprintf
 .text.__malloc_lock
                0x0000000000001ac4        0x2 x:/mrs_2/mounriver_studio2/resources/app/resources/win32/components/wch/toolchain/risc-v embedded gcc/bin/../lib/gcc/riscv-none-embed/8.2.0/../../../../riscv-none-embed/lib/rv32imacxw/ilp32\libg_nano.a(lib_a-mlock.o)
                0x0000000000001ac4                __malloc_lock
 .text.__malloc_unlock
                0x0000000000001ac6        0x2 x:/mrs_2/mounriver_studio2/resources/app/resources/win32/components/wch/toolchain/risc-v embedded gcc/bin/../lib/gcc/riscv-none-embed/8.2.0/../../../../riscv-none-embed/lib/rv32imacxw/ilp32\libg_nano.a(lib_a-mlock.o)
                0x0000000000001ac6                __malloc_unlock
 .text.__ssputs_r
                0x0000000000001ac8       0xde x:/mrs_2/mounriver_studio2/resources/app/resources/win32/components/wch/toolchain/risc-v embedded gcc/bin/../lib/gcc/riscv-none-embed/8.2.0/../../../../riscv-none-embed/lib/rv32imacxw/ilp32\libg_nano.a(lib_a-nano-svfprintf.o)
                0x0000000000001ac8                __ssputs_r
 .text._svfprintf_r
                0x0000000000001ba6      0x262 x:/mrs_2/mounriver_studio2/resources/app/resources/win32/components/wch/toolchain/risc-v embedded gcc/bin/../lib/gcc/riscv-none-embed/8.2.0/../../../../riscv-none-embed/lib/rv32imacxw/ilp32\libg_nano.a(lib_a-nano-svfprintf.o)
                0x0000000000001ba6                _svfiprintf_r
                0x0000000000001ba6                _svfprintf_r
 .text._printf_common
                0x0000000000001e08      0x10c x:/mrs_2/mounriver_studio2/resources/app/resources/win32/components/wch/toolchain/risc-v embedded gcc/bin/../lib/gcc/riscv-none-embed/8.2.0/../../../../riscv-none-embed/lib/rv32imacxw/ilp32\libg_nano.a(lib_a-nano-vfprintf_i.o)
                0x0000000000001e08                _printf_common
 .text._printf_i
                0x0000000000001f14      0x2a2 x:/mrs_2/mounriver_studio2/resources/app/resources/win32/components/wch/toolchain/risc-v embedded gcc/bin/../lib/gcc/riscv-none-embed/8.2.0/../../../../riscv-none-embed/lib/rv32imacxw/ilp32\libg_nano.a(lib_a-nano-vfprintf_i.o)
                0x0000000000001f14                _printf_i
 .text.memchr   0x00000000000021b6       0x18 x:/mrs_2/mounriver_studio2/resources/app/resources/win32/components/wch/toolchain/risc-v embedded gcc/bin/../lib/gcc/riscv-none-embed/8.2.0/../../../../riscv-none-embed/lib/rv32imacxw/ilp32\libg_nano.a(lib_a-memchr.o)
                0x00000000000021b6                memchr
 .text.memmove  0x00000000000021ce       0x46 x:/mrs_2/mounriver_studio2/resources/app/resources/win32/components/wch/toolchain/risc-v embedded gcc/bin/../lib/gcc/riscv-none-embed/8.2.0/../../../../riscv-none-embed/lib/rv32imacxw/ilp32\libg_nano.a(lib_a-memmove.o)
                0x00000000000021ce                memmove
 .text._realloc_r
                0x0000000000002214       0x58 x:/mrs_2/mounriver_studio2/resources/app/resources/win32/components/wch/toolchain/risc-v embedded gcc/bin/../lib/gcc/riscv-none-embed/8.2.0/../../../../riscv-none-embed/lib/rv32imacxw/ilp32\libg_nano.a(lib_a-nano-reallocr.o)
                0x0000000000002214                _realloc_r
 .text._malloc_usable_size_r
                0x000000000000226c       0x14 x:/mrs_2/mounriver_studio2/resources/app/resources/win32/components/wch/toolchain/risc-v embedded gcc/bin/../lib/gcc/riscv-none-embed/8.2.0/../../../../riscv-none-embed/lib/rv32imacxw/ilp32\libg_nano.a(lib_a-nano-msizer.o)
                0x000000000000226c                _malloc_usable_size_r
 *(.rodata)
 *(.rodata*)
 .rodata.ExecuteLocalCommand.str1.4
                0x0000000000002280        0xf ./cor/comm_protocol.o
 *fill*         0x000000000000228f        0x1 
 .rodata.ParseCommunicationFrame.str1.4
                0x0000000000002290       0x51 ./cor/comm_protocol.o
 *fill*         0x00000000000022e1        0x3 
 .rodata.ProcessCompleteFrame.str1.4
                0x00000000000022e4       0x10 ./cor/comm_protocol.o
 .rodata.main.str1.4
                0x00000000000022f4       0x1e ./User/main.o
 *fill*         0x0000000000002312        0x2 
 .rodata._svfprintf_r.str1.4
                0x0000000000002314       0x13 x:/mrs_2/mounriver_studio2/resources/app/resources/win32/components/wch/toolchain/risc-v embedded gcc/bin/../lib/gcc/riscv-none-embed/8.2.0/../../../../riscv-none-embed/lib/rv32imacxw/ilp32\libg_nano.a(lib_a-nano-svfprintf.o)
 *fill*         0x0000000000002327        0x1 
 .rodata._printf_i.str1.4
                0x0000000000002328       0x28 x:/mrs_2/mounriver_studio2/resources/app/resources/win32/components/wch/toolchain/risc-v embedded gcc/bin/../lib/gcc/riscv-none-embed/8.2.0/../../../../riscv-none-embed/lib/rv32imacxw/ilp32\libg_nano.a(lib_a-nano-vfprintf_i.o)
                                         0x25 (size before relaxing)
 *(.gnu.linkonce.t.*)
                0x0000000000002350                . = ALIGN (0x4)

.rela.dyn       0x0000000000002350        0x0
 .rela.init     0x0000000000002350        0x0 ./cor/Motor.o
 .rela.vector   0x0000000000002350        0x0 ./cor/Motor.o
 .rela.text.handle_reset
                0x0000000000002350        0x0 ./cor/Motor.o
 .rela.text._sbrk
                0x0000000000002350        0x0 ./cor/Motor.o
 .rela.sdata.curbrk.5274
                0x0000000000002350        0x0 ./cor/Motor.o
 .rela.text._sbrk_r
                0x0000000000002350        0x0 ./cor/Motor.o
 .rela.data.impure_data
                0x0000000000002350        0x0 ./cor/Motor.o
 .rela.text._svfprintf_r
                0x0000000000002350        0x0 ./cor/Motor.o

.fini           0x0000000000002350        0x0
 *(SORT_NONE(.fini))
                0x0000000000002350                . = ALIGN (0x4)
                [!provide]                        PROVIDE (_etext = .)
                [!provide]                        PROVIDE (_eitcm = .)

.preinit_array  0x0000000000002350        0x0
                [!provide]                        PROVIDE (__preinit_array_start = .)
 *(.preinit_array)
                [!provide]                        PROVIDE (__preinit_array_end = .)

.init_array     0x0000000000002350        0x0
                [!provide]                        PROVIDE (__init_array_start = .)
 *(SORT_BY_INIT_PRIORITY(.init_array.*) SORT_BY_INIT_PRIORITY(.ctors.*))
 *(.init_array EXCLUDE_FILE(*crtend?.o *crtend.o *crtbegin?.o *crtbegin.o) .ctors)
                [!provide]                        PROVIDE (__init_array_end = .)

.fini_array     0x0000000000002350        0x0
                [!provide]                        PROVIDE (__fini_array_start = .)
 *(SORT_BY_INIT_PRIORITY(.fini_array.*) SORT_BY_INIT_PRIORITY(.dtors.*))
 *(.fini_array EXCLUDE_FILE(*crtend?.o *crtend.o *crtbegin?.o *crtbegin.o) .dtors)
                [!provide]                        PROVIDE (__fini_array_end = .)

.ctors
 *crtbegin.o(.ctors)
 *crtbegin?.o(.ctors)
 *(EXCLUDE_FILE(*crtend?.o *crtend.o) .ctors)
 *(SORT_BY_NAME(.ctors.*))
 *(.ctors)

.dtors
 *crtbegin.o(.dtors)
 *crtbegin?.o(.dtors)
 *(EXCLUDE_FILE(*crtend?.o *crtend.o) .dtors)
 *(SORT_BY_NAME(.dtors.*))
 *(.dtors)

.dalign         0x0000000020000000        0x0 load address 0x0000000000002350
                0x0000000020000000                . = ALIGN (0x4)
                0x0000000020000000                PROVIDE (_data_vma = .)

.dlalign        0x0000000000002350        0x0
                0x0000000000002350                . = ALIGN (0x4)
                0x0000000000002350                PROVIDE (_data_lma = .)

.data           0x0000000020000000      0x1e0 load address 0x0000000000002350
 *(.gnu.linkonce.r.*)
 *(.data .data.*)
 .data.comm_handler
                0x0000000020000000      0x11c ./User/main.o
                0x0000000020000000                comm_handler
 .data.AHBPrescTable
                0x000000002000011c       0x10 ./User/system_ch32v30x.o
                0x000000002000011c                AHBPrescTable
 .data.APBAHBPrescTable
                0x000000002000012c       0x10 ./Peripheral/src/ch32v30x_rcc.o
 .data.MASK     0x000000002000013c       0x20 ./PS2/PStwo.o
                0x000000002000013c                MASK
 .data.impure_data
                0x000000002000015c       0x60 x:/mrs_2/mounriver_studio2/resources/app/resources/win32/components/wch/toolchain/risc-v embedded gcc/bin/../lib/gcc/riscv-none-embed/8.2.0/../../../../riscv-none-embed/lib/rv32imacxw/ilp32\libg_nano.a(lib_a-impure.o)
 *(.gnu.linkonce.d.*)
                0x00000000200001c0                . = ALIGN (0x8)
 *fill*         0x00000000200001bc        0x4 
                0x00000000200009c0                PROVIDE (__global_pointer$ = (. + 0x800))
 *(.sdata .sdata.*)
 .sdata.Humi    0x00000000200001c0        0x1 ./User/main.o
                0x00000000200001c0                Humi
 .sdata.Temp    0x00000000200001c1        0x1 ./User/main.o
                0x00000000200001c1                Temp
 *fill*         0x00000000200001c2        0x2 
 .sdata.imudata
                0x00000000200001c4        0x6 ./User/main.o
                0x00000000200001c4                imudata
 *fill*         0x00000000200001ca        0x2 
 .sdata.SystemCoreClock
                0x00000000200001cc        0x4 ./User/system_ch32v30x.o
                0x00000000200001cc                SystemCoreClock
 .sdata.ADCPrescTable
                0x00000000200001d0        0x4 ./Peripheral/src/ch32v30x_rcc.o
 .sdata.Comd    0x00000000200001d4        0x2 ./PS2/PStwo.o
                0x00000000200001d4                Comd
 *fill*         0x00000000200001d6        0x2 
 .sdata.curbrk.5274
                0x00000000200001d8        0x4 ./Debug/debug.o
 .sdata._impure_ptr
                0x00000000200001dc        0x4 x:/mrs_2/mounriver_studio2/resources/app/resources/win32/components/wch/toolchain/risc-v embedded gcc/bin/../lib/gcc/riscv-none-embed/8.2.0/../../../../riscv-none-embed/lib/rv32imacxw/ilp32\libg_nano.a(lib_a-impure.o)
                0x00000000200001dc                _impure_ptr
 *(.sdata2.*)
 *(.gnu.linkonce.s.*)
                0x00000000200001e0                . = ALIGN (0x8)
 *(.srodata.cst16)
 *(.srodata.cst8)
 *(.srodata.cst4)
 *(.srodata.cst2)
 *(.srodata .srodata.*)
                0x00000000200001e0                . = ALIGN (0x4)
                0x00000000200001e0                PROVIDE (_edata = .)

.bss            0x00000000200001e0       0x50 load address 0x0000000000002530
                0x00000000200001e0                . = ALIGN (0x4)
                0x00000000200001e0                PROVIDE (_sbss = .)
 *(.sbss*)
 .sbss.parser_state.5917
                0x00000000200001e0        0x4 ./cor/comm_protocol.o
 .sbss.flag     0x00000000200001e4        0x1 ./User/main.o
                0x00000000200001e4                flag
 .sbss.is_recieving.6007
                0x00000000200001e5        0x1 ./User/main.o
 *fill*         0x00000000200001e6        0x2 
 .sbss.led_state.6022
                0x00000000200001e8        0x4 ./User/main.o
 .sbss.mode_state.6021
                0x00000000200001ec        0x4 ./User/main.o
 .sbss.motor_flag
                0x00000000200001f0        0x1 ./User/main.o
                0x00000000200001f0                motor_flag
 .sbss.trans_flag
                0x00000000200001f1        0x1 ./User/main.o
                0x00000000200001f1                trans_flag
 *fill*         0x00000000200001f2        0x2 
 .sbss.NVIC_Priority_Group
                0x00000000200001f4        0x4 ./Peripheral/src/ch32v30x_misc.o
                0x00000000200001f4                NVIC_Priority_Group
 .sbss.Handkey  0x00000000200001f8        0x2 ./PS2/PStwo.o
                0x00000000200001f8                Handkey
 *fill*         0x00000000200001fa        0x2 
 .sbss.PS2_KEY  0x00000000200001fc        0x4 ./PS2/PStwo.o
                0x00000000200001fc                PS2_KEY
 .sbss.PS2_LX   0x0000000020000200        0x4 ./PS2/PStwo.o
                0x0000000020000200                PS2_LX
 .sbss.PS2_LY   0x0000000020000204        0x4 ./PS2/PStwo.o
                0x0000000020000204                PS2_LY
 .sbss.PS2_RX   0x0000000020000208        0x4 ./PS2/PStwo.o
                0x0000000020000208                PS2_RX
 .sbss.PS2_RY   0x000000002000020c        0x4 ./PS2/PStwo.o
                0x000000002000020c                PS2_RY
 .sbss.prevKeyState
                0x0000000020000210        0x1 ./PS2/PStwo.o
                0x0000000020000210                prevKeyState
 *fill*         0x0000000020000211        0x1 
 .sbss.p_ms     0x0000000020000212        0x2 ./Debug/debug.o
 .sbss.p_us     0x0000000020000214        0x1 ./Debug/debug.o
 *fill*         0x0000000020000215        0x3 
 .sbss.__malloc_free_list
                0x0000000020000218        0x4 x:/mrs_2/mounriver_studio2/resources/app/resources/win32/components/wch/toolchain/risc-v embedded gcc/bin/../lib/gcc/riscv-none-embed/8.2.0/../../../../riscv-none-embed/lib/rv32imacxw/ilp32\libg_nano.a(lib_a-nano-mallocr.o)
                0x0000000020000218                __malloc_free_list
 .sbss.__malloc_sbrk_start
                0x000000002000021c        0x4 x:/mrs_2/mounriver_studio2/resources/app/resources/win32/components/wch/toolchain/risc-v embedded gcc/bin/../lib/gcc/riscv-none-embed/8.2.0/../../../../riscv-none-embed/lib/rv32imacxw/ilp32\libg_nano.a(lib_a-nano-mallocr.o)
                0x000000002000021c                __malloc_sbrk_start
 *(.gnu.linkonce.sb.*)
 *(.bss*)
 .bss.Data      0x0000000020000220        0x9 ./PS2/PStwo.o
                0x0000000020000220                Data
 *(.gnu.linkonce.b.*)
 *(COMMON*)
 *fill*         0x0000000020000229        0x3 
 COMMON         0x000000002000022c        0x4 x:/mrs_2/mounriver_studio2/resources/app/resources/win32/components/wch/toolchain/risc-v embedded gcc/bin/../lib/gcc/riscv-none-embed/8.2.0/../../../../riscv-none-embed/lib/rv32imacxw/ilp32\libg_nano.a(lib_a-reent.o)
                0x000000002000022c                errno
                0x0000000020000230                . = ALIGN (0x4)
                0x0000000020000230                PROVIDE (_ebss = .)
                0x0000000020000230                PROVIDE (_end = _ebss)
                [!provide]                        PROVIDE (end = .)

.stack          0x0000000020007800      0x800
                0x0000000020007800                PROVIDE (_heap_end = .)
                0x0000000020007800                . = ALIGN (0x4)
                [!provide]                        PROVIDE (_susrstack = .)
                0x0000000020008000                . = (. + __stack_size)
 *fill*         0x0000000020007800      0x800 
                0x0000000020008000                PROVIDE (_eusrstack = .)
OUTPUT(SPI_DMA.elf elf32-littleriscv)

.debug_info     0x0000000000000000    0x12365
 .debug_info    0x0000000000000000     0x10c4 ./cor/Motor.o
 .debug_info    0x00000000000010c4     0x1032 ./cor/comm_protocol.o
 .debug_info    0x00000000000020f6      0xbc1 ./cor/led.o
 .debug_info    0x0000000000002cb7     0x1000 ./cor/timer.o
 .debug_info    0x0000000000003cb7     0x143f ./cor/usart.o
 .debug_info    0x00000000000050f6      0xbc0 ./User/ch32v30x_it.o
 .debug_info    0x0000000000005cb6     0x1463 ./User/main.o
 .debug_info    0x0000000000007119      0xbb5 ./User/system_ch32v30x.o
 .debug_info    0x0000000000007cce       0x22 ./Startup/startup_ch32v30x_D8C.o
 .debug_info    0x0000000000007cf0      0xa94 ./Peripheral/src/ch32v30x_dbgmcu.o
 .debug_info    0x0000000000008784     0x12aa ./Peripheral/src/ch32v30x_gpio.o
 .debug_info    0x0000000000009a2e      0xf60 ./Peripheral/src/ch32v30x_misc.o
 .debug_info    0x000000000000a98e     0x158a ./Peripheral/src/ch32v30x_rcc.o
 .debug_info    0x000000000000bf18     0x2a32 ./Peripheral/src/ch32v30x_tim.o
 .debug_info    0x000000000000e94a     0x13cd ./Peripheral/src/ch32v30x_usart.o
 .debug_info    0x000000000000fd17     0x1704 ./PS2/PStwo.o
 .debug_info    0x000000000001141b      0xf4a ./Debug/debug.o

.debug_abbrev   0x0000000000000000     0x2fc4
 .debug_abbrev  0x0000000000000000      0x291 ./cor/Motor.o
 .debug_abbrev  0x0000000000000291      0x363 ./cor/comm_protocol.o
 .debug_abbrev  0x00000000000005f4      0x25e ./cor/led.o
 .debug_abbrev  0x0000000000000852      0x275 ./cor/timer.o
 .debug_abbrev  0x0000000000000ac7      0x2e4 ./cor/usart.o
 .debug_abbrev  0x0000000000000dab      0x22c ./User/ch32v30x_it.o
 .debug_abbrev  0x0000000000000fd7      0x341 ./User/main.o
 .debug_abbrev  0x0000000000001318      0x2c0 ./User/system_ch32v30x.o
 .debug_abbrev  0x00000000000015d8       0x12 ./Startup/startup_ch32v30x_D8C.o
 .debug_abbrev  0x00000000000015ea      0x2f7 ./Peripheral/src/ch32v30x_dbgmcu.o
 .debug_abbrev  0x00000000000018e1      0x31a ./Peripheral/src/ch32v30x_gpio.o
 .debug_abbrev  0x0000000000001bfb      0x2e3 ./Peripheral/src/ch32v30x_misc.o
 .debug_abbrev  0x0000000000001ede      0x351 ./Peripheral/src/ch32v30x_rcc.o
 .debug_abbrev  0x000000000000222f      0x408 ./Peripheral/src/ch32v30x_tim.o
 .debug_abbrev  0x0000000000002637      0x312 ./Peripheral/src/ch32v30x_usart.o
 .debug_abbrev  0x0000000000002949      0x386 ./PS2/PStwo.o
 .debug_abbrev  0x0000000000002ccf      0x2f5 ./Debug/debug.o

.debug_loc      0x0000000000000000     0x3c7f
 .debug_loc     0x0000000000000000       0x9d ./cor/Motor.o
 .debug_loc     0x000000000000009d      0x231 ./cor/comm_protocol.o
 .debug_loc     0x00000000000002ce      0x22a ./cor/usart.o
 .debug_loc     0x00000000000004f8       0x1e ./User/main.o
 .debug_loc     0x0000000000000516      0x163 ./User/system_ch32v30x.o
 .debug_loc     0x0000000000000679       0x7c ./Peripheral/src/ch32v30x_dbgmcu.o
 .debug_loc     0x00000000000006f5      0x72b ./Peripheral/src/ch32v30x_gpio.o
 .debug_loc     0x0000000000000e20       0x47 ./Peripheral/src/ch32v30x_misc.o
 .debug_loc     0x0000000000000e67      0xadb ./Peripheral/src/ch32v30x_rcc.o
 .debug_loc     0x0000000000001942     0x195e ./Peripheral/src/ch32v30x_tim.o
 .debug_loc     0x00000000000032a0      0x779 ./Peripheral/src/ch32v30x_usart.o
 .debug_loc     0x0000000000003a19       0xef ./PS2/PStwo.o
 .debug_loc     0x0000000000003b08      0x177 ./Debug/debug.o

.debug_aranges  0x0000000000000000      0x948
 .debug_aranges
                0x0000000000000000       0x30 ./cor/Motor.o
 .debug_aranges
                0x0000000000000030       0x40 ./cor/comm_protocol.o
 .debug_aranges
                0x0000000000000070       0x28 ./cor/led.o
 .debug_aranges
                0x0000000000000098       0x20 ./cor/timer.o
 .debug_aranges
                0x00000000000000b8       0x60 ./cor/usart.o
 .debug_aranges
                0x0000000000000118       0x28 ./User/ch32v30x_it.o
 .debug_aranges
                0x0000000000000140       0x48 ./User/main.o
 .debug_aranges
                0x0000000000000188       0x28 ./User/system_ch32v30x.o
 .debug_aranges
                0x00000000000001b0       0x30 ./Startup/startup_ch32v30x_D8C.o
 .debug_aranges
                0x00000000000001e0       0x48 ./Peripheral/src/ch32v30x_dbgmcu.o
 .debug_aranges
                0x0000000000000228       0xb0 ./Peripheral/src/ch32v30x_gpio.o
 .debug_aranges
                0x00000000000002d8       0x28 ./Peripheral/src/ch32v30x_misc.o
 .debug_aranges
                0x0000000000000300      0x1a8 ./Peripheral/src/ch32v30x_rcc.o
 .debug_aranges
                0x00000000000004a8      0x2d0 ./Peripheral/src/ch32v30x_tim.o
 .debug_aranges
                0x0000000000000778       0xf0 ./Peripheral/src/ch32v30x_usart.o
 .debug_aranges
                0x0000000000000868       0x90 ./PS2/PStwo.o
 .debug_aranges
                0x00000000000008f8       0x50 ./Debug/debug.o

.debug_ranges   0x0000000000000000      0x970
 .debug_ranges  0x0000000000000000       0x20 ./cor/Motor.o
 .debug_ranges  0x0000000000000020       0x68 ./cor/comm_protocol.o
 .debug_ranges  0x0000000000000088       0x18 ./cor/led.o
 .debug_ranges  0x00000000000000a0       0x10 ./cor/timer.o
 .debug_ranges  0x00000000000000b0       0x80 ./cor/usart.o
 .debug_ranges  0x0000000000000130       0x18 ./User/ch32v30x_it.o
 .debug_ranges  0x0000000000000148       0x68 ./User/main.o
 .debug_ranges  0x00000000000001b0       0x38 ./User/system_ch32v30x.o
 .debug_ranges  0x00000000000001e8       0x28 ./Startup/startup_ch32v30x_D8C.o
 .debug_ranges  0x0000000000000210       0x50 ./Peripheral/src/ch32v30x_dbgmcu.o
 .debug_ranges  0x0000000000000260       0xa0 ./Peripheral/src/ch32v30x_gpio.o
 .debug_ranges  0x0000000000000300       0x48 ./Peripheral/src/ch32v30x_misc.o
 .debug_ranges  0x0000000000000348      0x198 ./Peripheral/src/ch32v30x_rcc.o
 .debug_ranges  0x00000000000004e0      0x2f0 ./Peripheral/src/ch32v30x_tim.o
 .debug_ranges  0x00000000000007d0       0xe0 ./Peripheral/src/ch32v30x_usart.o
 .debug_ranges  0x00000000000008b0       0x80 ./PS2/PStwo.o
 .debug_ranges  0x0000000000000930       0x40 ./Debug/debug.o

.debug_line     0x0000000000000000     0xcc46
 .debug_line    0x0000000000000000      0x5c3 ./cor/Motor.o
 .debug_line    0x00000000000005c3      0x9e6 ./cor/comm_protocol.o
 .debug_line    0x0000000000000fa9      0x416 ./cor/led.o
 .debug_line    0x00000000000013bf      0x427 ./cor/timer.o
 .debug_line    0x00000000000017e6      0xaad ./cor/usart.o
 .debug_line    0x0000000000002293      0x30a ./User/ch32v30x_it.o
 .debug_line    0x000000000000259d      0xfc9 ./User/main.o
 .debug_line    0x0000000000003566      0x945 ./User/system_ch32v30x.o
 .debug_line    0x0000000000003eab      0x144 ./Startup/startup_ch32v30x_D8C.o
 .debug_line    0x0000000000003fef      0x407 ./Peripheral/src/ch32v30x_dbgmcu.o
 .debug_line    0x00000000000043f6     0x12d0 ./Peripheral/src/ch32v30x_gpio.o
 .debug_line    0x00000000000056c6      0x447 ./Peripheral/src/ch32v30x_misc.o
 .debug_line    0x0000000000005b0d     0x1a02 ./Peripheral/src/ch32v30x_rcc.o
 .debug_line    0x000000000000750f     0x336f ./Peripheral/src/ch32v30x_tim.o
 .debug_line    0x000000000000a87e      0xf6f ./Peripheral/src/ch32v30x_usart.o
 .debug_line    0x000000000000b7ed      0xca1 ./PS2/PStwo.o
 .debug_line    0x000000000000c48e      0x7b8 ./Debug/debug.o

.debug_str      0x0000000000000000     0x2ef9
 .debug_str     0x0000000000000000      0x9d7 ./cor/Motor.o
                                        0xa5b (size before relaxing)
 .debug_str     0x00000000000009d7      0x218 ./cor/comm_protocol.o
                                        0x871 (size before relaxing)
 .debug_str     0x0000000000000bef       0x27 ./cor/led.o
                                        0x755 (size before relaxing)
 .debug_str     0x0000000000000c16      0x601 ./cor/timer.o
                                        0xdd9 (size before relaxing)
 .debug_str     0x0000000000001217      0x191 ./cor/usart.o
                                        0xf4f (size before relaxing)
 .debug_str     0x00000000000013a8       0x9c ./User/ch32v30x_it.o
                                        0x68a (size before relaxing)
 .debug_str     0x0000000000001444      0x1b3 ./User/main.o
                                        0xa26 (size before relaxing)
 .debug_str     0x00000000000015f7      0x109 ./User/system_ch32v30x.o
                                        0x6ef (size before relaxing)
 .debug_str     0x0000000000001700       0x50 ./Startup/startup_ch32v30x_D8C.o
                                         0x81 (size before relaxing)
 .debug_str     0x0000000000001750       0xa9 ./Peripheral/src/ch32v30x_dbgmcu.o
                                        0x66d (size before relaxing)
 .debug_str     0x00000000000017f9      0x274 ./Peripheral/src/ch32v30x_gpio.o
                                        0x9d7 (size before relaxing)
 .debug_str     0x0000000000001a6d       0xd7 ./Peripheral/src/ch32v30x_misc.o
                                        0xce0 (size before relaxing)
 .debug_str     0x0000000000001b44      0x5cd ./Peripheral/src/ch32v30x_rcc.o
                                        0xd06 (size before relaxing)
 .debug_str     0x0000000000002111      0x944 ./Peripheral/src/ch32v30x_tim.o
                                       0x12ad (size before relaxing)
 .debug_str     0x0000000000002a55      0x2fb ./Peripheral/src/ch32v30x_usart.o
                                        0xb21 (size before relaxing)
 .debug_str     0x0000000000002d50      0x10a ./PS2/PStwo.o
                                        0x8ba (size before relaxing)
 .debug_str     0x0000000000002e5a       0x9f ./Debug/debug.o
                                        0x948 (size before relaxing)

.comment        0x0000000000000000       0x33
 .comment       0x0000000000000000       0x33 ./cor/Motor.o
                                         0x34 (size before relaxing)
 .comment       0x0000000000000033       0x34 ./cor/comm_protocol.o
 .comment       0x0000000000000033       0x34 ./cor/led.o
 .comment       0x0000000000000033       0x34 ./cor/timer.o
 .comment       0x0000000000000033       0x34 ./cor/usart.o
 .comment       0x0000000000000033       0x34 ./User/ch32v30x_it.o
 .comment       0x0000000000000033       0x34 ./User/main.o
 .comment       0x0000000000000033       0x34 ./User/system_ch32v30x.o
 .comment       0x0000000000000033       0x34 ./Peripheral/src/ch32v30x_dbgmcu.o
 .comment       0x0000000000000033       0x34 ./Peripheral/src/ch32v30x_gpio.o
 .comment       0x0000000000000033       0x34 ./Peripheral/src/ch32v30x_misc.o
 .comment       0x0000000000000033       0x34 ./Peripheral/src/ch32v30x_rcc.o
 .comment       0x0000000000000033       0x34 ./Peripheral/src/ch32v30x_tim.o
 .comment       0x0000000000000033       0x34 ./Peripheral/src/ch32v30x_usart.o
 .comment       0x0000000000000033       0x34 ./PS2/PStwo.o
 .comment       0x0000000000000033       0x34 ./Debug/debug.o

.debug_frame    0x0000000000000000     0x182c
 .debug_frame   0x0000000000000000       0x74 ./cor/Motor.o
 .debug_frame   0x0000000000000074       0xc8 ./cor/comm_protocol.o
 .debug_frame   0x000000000000013c       0x54 ./cor/led.o
 .debug_frame   0x0000000000000190       0x34 ./cor/timer.o
 .debug_frame   0x00000000000001c4      0x150 ./cor/usart.o
 .debug_frame   0x0000000000000314       0x30 ./User/ch32v30x_it.o
 .debug_frame   0x0000000000000344       0xc0 ./User/main.o
 .debug_frame   0x0000000000000404       0x3c ./User/system_ch32v30x.o
 .debug_frame   0x0000000000000440       0x70 ./Peripheral/src/ch32v30x_dbgmcu.o
 .debug_frame   0x00000000000004b0      0x174 ./Peripheral/src/ch32v30x_gpio.o
 .debug_frame   0x0000000000000624       0x30 ./Peripheral/src/ch32v30x_misc.o
 .debug_frame   0x0000000000000654      0x344 ./Peripheral/src/ch32v30x_rcc.o
 .debug_frame   0x0000000000000998      0x614 ./Peripheral/src/ch32v30x_tim.o
 .debug_frame   0x0000000000000fac      0x1e4 ./Peripheral/src/ch32v30x_usart.o
 .debug_frame   0x0000000000001190      0x1f0 ./PS2/PStwo.o
 .debug_frame   0x0000000000001380       0xb8 ./Debug/debug.o
 .debug_frame   0x0000000000001438       0x30 x:/mrs_2/mounriver_studio2/resources/app/resources/win32/components/wch/toolchain/risc-v embedded gcc/bin/../lib/gcc/riscv-none-embed/8.2.0/../../../../riscv-none-embed/lib/rv32imacxw/ilp32\libg_nano.a(lib_a-malloc.o)
 .debug_frame   0x0000000000001468       0x20 x:/mrs_2/mounriver_studio2/resources/app/resources/win32/components/wch/toolchain/risc-v embedded gcc/bin/../lib/gcc/riscv-none-embed/8.2.0/../../../../riscv-none-embed/lib/rv32imacxw/ilp32\libg_nano.a(lib_a-memcpy.o)
 .debug_frame   0x0000000000001488       0x40 x:/mrs_2/mounriver_studio2/resources/app/resources/win32/components/wch/toolchain/risc-v embedded gcc/bin/../lib/gcc/riscv-none-embed/8.2.0/../../../../riscv-none-embed/lib/rv32imacxw/ilp32\libg_nano.a(lib_a-nano-freer.o)
 .debug_frame   0x00000000000014c8       0x40 x:/mrs_2/mounriver_studio2/resources/app/resources/win32/components/wch/toolchain/risc-v embedded gcc/bin/../lib/gcc/riscv-none-embed/8.2.0/../../../../riscv-none-embed/lib/rv32imacxw/ilp32\libg_nano.a(lib_a-nano-mallocr.o)
 .debug_frame   0x0000000000001508       0x30 x:/mrs_2/mounriver_studio2/resources/app/resources/win32/components/wch/toolchain/risc-v embedded gcc/bin/../lib/gcc/riscv-none-embed/8.2.0/../../../../riscv-none-embed/lib/rv32imacxw/ilp32\libg_nano.a(lib_a-sbrkr.o)
 .debug_frame   0x0000000000001538       0x48 x:/mrs_2/mounriver_studio2/resources/app/resources/win32/components/wch/toolchain/risc-v embedded gcc/bin/../lib/gcc/riscv-none-embed/8.2.0/../../../../riscv-none-embed/lib/rv32imacxw/ilp32\libg_nano.a(lib_a-vsnprintf.o)
 .debug_frame   0x0000000000001580       0x30 x:/mrs_2/mounriver_studio2/resources/app/resources/win32/components/wch/toolchain/risc-v embedded gcc/bin/../lib/gcc/riscv-none-embed/8.2.0/../../../../riscv-none-embed/lib/rv32imacxw/ilp32\libg_nano.a(lib_a-mlock.o)
 .debug_frame   0x00000000000015b0       0xe0 x:/mrs_2/mounriver_studio2/resources/app/resources/win32/components/wch/toolchain/risc-v embedded gcc/bin/../lib/gcc/riscv-none-embed/8.2.0/../../../../riscv-none-embed/lib/rv32imacxw/ilp32\libg_nano.a(lib_a-nano-svfprintf.o)
 .debug_frame   0x0000000000001690       0x8c x:/mrs_2/mounriver_studio2/resources/app/resources/win32/components/wch/toolchain/risc-v embedded gcc/bin/../lib/gcc/riscv-none-embed/8.2.0/../../../../riscv-none-embed/lib/rv32imacxw/ilp32\libg_nano.a(lib_a-nano-vfprintf_i.o)
 .debug_frame   0x000000000000171c       0x70 x:/mrs_2/mounriver_studio2/resources/app/resources/win32/components/wch/toolchain/risc-v embedded gcc/bin/../lib/gcc/riscv-none-embed/8.2.0/../../../../riscv-none-embed/lib/rv32imacxw/ilp32\libg_nano.a(lib_a-reent.o)
 .debug_frame   0x000000000000178c       0x20 x:/mrs_2/mounriver_studio2/resources/app/resources/win32/components/wch/toolchain/risc-v embedded gcc/bin/../lib/gcc/riscv-none-embed/8.2.0/../../../../riscv-none-embed/lib/rv32imacxw/ilp32\libg_nano.a(lib_a-memchr.o)
 .debug_frame   0x00000000000017ac       0x20 x:/mrs_2/mounriver_studio2/resources/app/resources/win32/components/wch/toolchain/risc-v embedded gcc/bin/../lib/gcc/riscv-none-embed/8.2.0/../../../../riscv-none-embed/lib/rv32imacxw/ilp32\libg_nano.a(lib_a-memmove.o)
 .debug_frame   0x00000000000017cc       0x40 x:/mrs_2/mounriver_studio2/resources/app/resources/win32/components/wch/toolchain/risc-v embedded gcc/bin/../lib/gcc/riscv-none-embed/8.2.0/../../../../riscv-none-embed/lib/rv32imacxw/ilp32\libg_nano.a(lib_a-nano-reallocr.o)
 .debug_frame   0x000000000000180c       0x20 x:/mrs_2/mounriver_studio2/resources/app/resources/win32/components/wch/toolchain/risc-v embedded gcc/bin/../lib/gcc/riscv-none-embed/8.2.0/../../../../riscv-none-embed/lib/rv32imacxw/ilp32\libg_nano.a(lib_a-nano-msizer.o)
